ARCH check:
OK: no errors

ARCH build:
Wrote runs/arch/Prob071_always_casez/Prob071_always_casez.sv
Wrote runs/arch/Prob071_always_casez/TopModule.archi

Icarus compile:
runs/arch/Prob071_always_casez/Prob071_always_casez.sv:19: sorry: constant selects in always_* processes are not currently supported (all bits will be included).
runs/arch/Prob071_always_casez/Prob071_always_casez.sv:19: sorry: constant selects in always_* processes are not currently supported (all bits will be included).
runs/arch/Prob071_always_casez/Prob071_always_casez.sv:19: sorry: constant selects in always_* processes are not currently supported (all bits will be included).
runs/arch/Prob071_always_casez/Prob071_always_casez.sv:19: sorry: constant selects in always_* processes are not currently supported (all bits will be included).
runs/arch/Prob071_always_casez/Prob071_always_casez.sv:19: sorry: constant selects in always_* processes are not currently supported (all bits will be included).
runs/arch/Prob071_always_casez/Prob071_always_casez.sv:19: sorry: constant selects in always_* processes are not currently supported (all bits will be included).
runs/arch/Prob071_always_casez/Prob071_always_casez.sv:19: sorry: constant selects in always_* processes are not currently supported (all bits will be included).
runs/arch/Prob071_always_casez/Prob071_always_casez.sv:19: sorry: constant selects in always_* processes are not currently supported (all bits will be included).

Icarus run:
VCD info: dumpfile wave.vcd opened for output.
dataset_spec-to-rtl/Prob071_always_casez_test.sv:41: $finish called at 1730 (1ps)
Hint: Output 'pos' has no mismatches.
Hint: Total mismatched samples is 0 out of 346 samples

Simulation finished at 1730 ps
Mismatches: 0 in 346 samples
